---
source: tui/src/startup_draft_tests.rs
expression: "snapshots.join(\"\\n---\\n\")"
---
empty (48 columns):
╭──────────────────────────────────────────────╮
│                                              │
│      ██████ ██████ ████   ██████ ██  ██      │
│      ██████ ██████ ██████ ██████ ██  ██      │
│      ██     ██  ██ ██  ██ ██      ████       │
│      ██     ██  ██ ██  ██ █████    ██        │
│      ██     ██  ██ ██  ██ ██      ████       │
│      ██████ ██████ ██████ ██████ ██  ██      │
│      ██████ ██████ ████   ██████ ██  ██      │
│                                              │
│                   loading                    │
│                   loading                    │
│                                              │
│   / commands      @ files      ? shortcuts   │
│                                              │
╰──────────────────────────────────────────────╯


› Ask Codex to do anything

  ? for shortcuts
---
resuming (48 columns):
╭───────────────────────────────────────╮
│ >_ OpenAI Codex (v<VERSION>)              │
│                                       │
│ model:     loading   /model to change │
│ directory: loading                    │
╰───────────────────────────────────────╯
  Resuming session…

› Ask Codex to do anything

  ? for shortcuts
---
forking (48 columns):
╭───────────────────────────────────────╮
│ >_ OpenAI Codex (v<VERSION>)              │
│                                       │
│ model:     loading   /model to change │
│ directory: loading                    │
╰───────────────────────────────────────╯
  Forking session…

› draft while loading


---
multiline (48 columns):
╭──────────────────────────────────────────────╮
│                                              │
│      ██████ ██████ ████   ██████ ██  ██      │
│      ██████ ██████ ██████ ██████ ██  ██      │
│      ██     ██  ██ ██  ██ ██      ████       │
│      ██     ██  ██ ██  ██ █████    ██        │
│      ██     ██  ██ ██  ██ ██      ████       │
│      ██████ ██████ ██████ ██████ ██  ██      │
│      ██████ ██████ ████   ██████ ██  ██      │
│                                              │
│                   loading                    │
│                   loading                    │
│                                              │
│   / commands      @ files      ? shortcuts   │
│                                              │
╰──────────────────────────────────────────────╯


› first startup line
  second startup line


---
narrow (18 columns):
╭────────────────╮
│                │
│   C O D E X    │
│                │
│    loading     │
│    loading     │
│                │
│  ? shortcuts   │
│                │
╰────────────────╯


› first startup
  line
  second startup
  line
