---
source: tui/src/history_cell/tests.rs
expression: "render_lines(&cell.display_lines(44)).join(\"\\n\")"
---
╭──────────────────────────────────────────╮
│                                          │
│  ██████ ██████ ████   ██████ ██  ██      │
│  ██████ ██████ ██████ ██████ ██  ██      │
│  ██     ██  ██ ██  ██ ██      ████       │
│  ██     ██  ██ ██  ██ █████    ██        │
│  ██     ██  ██ ██  ██ ██      ████       │
│  ██████ ██████ ██████ ██████ ██  ██      │
│  ██████ ██████ ████   ██████ ██  ██      │
│                                          │
│              PLAN  Plus                  │
│                                          │
│ / commands      @ files      ? shortcuts │
│                                          │
╰──────────────────────────────────────────╯
